// Jest Snapshot v1, https://goo.gl/fbAQLP

exports[`LoadingOverlay should render list LoadingOverlay component 1`] = `
<View
  style={
    Object {
      "alignItems": "center",
      "backgroundColor": "rgba(0,0,0,0.7)",
      "bottom": 0,
      "flex": 1,
      "justifyContent": "center",
      "left": 0,
      "position": "absolute",
      "right": 0,
      "top": 0,
    }
  }
>
  <View>
    <Loading
      size="large"
    />
  </View>
</View>
`;
